{
  "type": "Program",
  "body": [
    {
      "type": "ExpressionStatement",
      "expression": {
        "type": "CallExpression",
        "callee": {
          "type": "MemberExpression",
          "computed": false,
          "object": {
            "type": "Identifier",
            "name": "stream"
          },
          "property": {
            "type": "Identifier",
            "name": "on"
          }
        },
        "arguments": [
          {
            "type": "Literal",
            "value": "data",
            "raw": "\"data\""
          },
          {
            "type": "CallExpression",
            "callee": {
              "type": "MemberExpression",
              "computed": false,
              "object": {
                "type": "FunctionExpression",
                "id": null,
                "params": [
                  {
                    "type": "Identifier",
                    "name": "d"
                  }
                ],
                "defaults": [],
                "body": {
                  "type": "BlockStatement",
                  "body": [
                    {
                      "type": "ReturnStatement",
                      "argument": {
                        "type": "AssignmentExpression",
                        "operator": "+=",
                        "left": {
                          "type": "MemberExpression",
                          "computed": false,
                          "object": {
                            "type": "ThisExpression"
                          },
                          "property": {
                            "type": "Identifier",
                            "name": "data"
                          }
                        },
                        "right": {
                          "type": "Identifier",
                          "name": "d"
                        }
                      }
                    }
                  ]
                },
                "rest": null,
                "generator": false,
                "expression": false
              },
              "property": {
                "type": "Identifier",
                "name": "bind"
              }
            },
            "arguments": [
              {
                "type": "ThisExpression"
              }
            ]
          }
        ]
      }
    }
  ]
}
