{
  "type": "Program",
  "body": [
    {
      "type": "ExpressionStatement",
      "expression": {
        "type": "CallExpression",
        "callee": {
          "type": "Identifier",
          "name": "alert"
        },
        "arguments": [
          {
            "type": "CallExpression",
            "callee": {
              "type": "MemberExpression",
              "computed": false,
              "object": {
                "type": "FunctionExpression",
                "id": null,
                "params": [],
                "defaults": [],
                "body": {
                  "type": "BlockStatement",
                  "body": [
                    {
                      "type": "ReturnStatement",
                      "argument": {
                        "type": "CallExpression",
                        "callee": {
                          "type": "MemberExpression",
                          "computed": false,
                          "object": {
                            "type": "FunctionExpression",
                            "id": null,
                            "params": [],
                            "defaults": [],
                            "body": {
                              "type": "BlockStatement",
                              "body": [
                                {
                                  "type": "ReturnStatement",
                                  "argument": {
                                    "type": "ThisExpression"
                                  }
                                }
                              ]
                            },
                            "rest": null,
                            "generator": false,
                            "expression": false
                          },
                          "property": {
                            "type": "Identifier",
                            "name": "bind"
                          }
                        },
                        "arguments": [
                          {
                            "type": "ThisExpression"
                          }
                        ]
                      }
                    }
                  ]
                },
                "rest": null,
                "generator": false,
                "expression": false
              },
              "property": {
                "type": "Identifier",
                "name": "bind"
              }
            },
            "arguments": [
              {
                "type": "ThisExpression"
              }
            ]
          }
        ]
      }
    }
  ]
}
