{
  "type": "Program",
  "body": [
    {
      "type": "ExpressionStatement",
      "expression": {
        "type": "CallExpression",
        "callee": {
          "type": "Identifier",
          "name": "$"
        },
        "arguments": [
          {
            "type": "FunctionExpression",
            "id": null,
            "params": [],
            "defaults": [],
            "body": {
              "type": "BlockStatement",
              "body": [
                {
                  "type": "ReturnStatement",
                  "argument": {
                    "type": "CallExpression",
                    "callee": {
                      "type": "Identifier",
                      "name": "main"
                    },
                    "arguments": []
                  }
                }
              ]
            },
            "rest": null,
            "generator": false,
            "expression": false
          }
        ]
      }
    }
  ]
}
