{
  "type": "Program",
  "body": [
    {
      "type": "ExpressionStatement",
      "expression": {
        "type": "FunctionExpression",
        "id": null,
        "params": [],
        "defaults": [],
        "body": {
          "type": "BlockStatement",
          "body": [
            {
              "type": "ReturnStatement",
              "argument": {
                "type": "FunctionExpression",
                "id": null,
                "params": [],
                "defaults": [],
                "body": {
                  "type": "BlockStatement",
                  "body": [
                    {
                      "type": "ReturnStatement",
                      "argument": {
                        "type": "ThisExpression"
                      }
                    }
                  ]
                },
                "rest": null,
                "generator": false,
                "expression": false
              }
            }
          ]
        },
        "rest": null,
        "generator": false,
        "expression": false
      }
    }
  ]
}
