{
  "type": "Program",
  "body": [
    {
      "type": "ExpressionStatement",
      "expression": {
        "type": "CallExpression",
        "callee": {
          "type": "MemberExpression",
          "computed": false,
          "object": {
            "type": "ArrayExpression",
            "elements": [
              {
                "type": "Literal",
                "value": 1,
                "raw": "1"
              },
              {
                "type": "Literal",
                "value": 2,
                "raw": "2"
              },
              {
                "type": "Literal",
                "value": 3,
                "raw": "3"
              }
            ]
          },
          "property": {
            "type": "Identifier",
            "name": "map"
          }
        },
        "arguments": [
          {
            "type": "FunctionExpression",
            "id": null,
            "params": [
              {
                "type": "Identifier",
                "name": "n"
              }
            ],
            "defaults": [],
            "body": {
              "type": "BlockStatement",
              "body": [
                {
                  "type": "ReturnStatement",
                  "argument": {
                    "type": "BinaryExpression",
                    "operator": "*",
                    "left": {
                      "type": "Identifier",
                      "name": "n"
                    },
                    "right": {
                      "type": "Literal",
                      "value": 2,
                      "raw": "2"
                    }
                  }
                }
              ]
            },
            "rest": null,
            "generator": false,
            "expression": false
          }
        ]
      }
    }
  ]
}
